// Jest Snapshot v1, https://goo.gl/fbAQLP

exports[`App component renders App 1`] = `
<DocumentFragment>
  <div
    class="main"
  >
    <header>
      RestyTesty
    </header>
    <form
      aria-label="req-form"
      class="form"
    >
      <input
        aria-label="URL-input"
        placeholder="Url Here"
        value=""
      />
      <span
        class="radioButtons"
      >
        <label>
          <input
            checked=""
            name="method"
            type="radio"
            value="GET"
          />
          <span>
            GET
          </span>
        </label>
        <label>
          <input
            name="method"
            type="radio"
            value="POST"
          />
          <span>
            POST
          </span>
        </label>
        <label>
          <input
            name="method"
            type="radio"
            value="PUT"
          />
          <span>
            PUT
          </span>
        </label>
        <label>
          <input
            name="method"
            type="radio"
            value="DELETE"
          />
          <span>
            DELETE
          </span>
        </label>
      </span>
      <label
        class="requestBody"
      >
        <span>
           Request Body
        </span>
        <textarea
          aria-label="req-body"
        />
      </label>
      <button>
        Request to API
      </button>
    </form>
    <div
      aria-label="results"
    >
      <p>
        Api results
      </p>
      <p>
        ""
      </p>
    </div>
  </div>
</DocumentFragment>
`;
